特殊 我要的 
[dump] -> Inventory
[dump] -> Containing 1 items
[dump] -> Items :
[dump] -> Item Imprint
[dump] -> Short name : Sandy Seabed Chart
[dump] -> Unique name : 
[dump] -> Type : Metadata/Items/Deepwater/ChartSandy
[dump] -> Category : 71
[dump] -> Map Tier : 0
[dump] -> Item Level : 83
[dump] -> Required Level : 0
[dump] -> Local Armor : 0
[dump] -> Computed Armor : 0.000000
[dump] -> Local Evasion : 0
[dump] -> Computed Evasion : 0.000000
[dump] -> Local Energy Shield : 0
[dump] -> Computed Energy Shield : 0.000000
[dump] -> Computed Spell Damage : 0.000000
[dump] -> Computed Fire Spell Damage : 0.000000
[dump] -> Computed Cold Spell Damage : 0.000000
[dump] -> Computed Lightning Spell Damage : 0.000000
[dump] -> Rarity : 0
[dump] -> Quality : 0
[dump] -> Stack : 1
[dump] -> Sockets : 
[dump] -> Max linked sockets : 0

[dump] -> Item identified
[dump] -> MODS
[dump] -> Explicit mod count: 0
[dump] -> Mod index : 22910, Value : 1
[dump] -> 
Elemental Resistance Score : 0
[dump] -> DPS : 0.000000
[dump] -> Physical DPS : 0.000000
[dump] -> Elemental DPS : 0.000000
[dump] -> 


普通

[dump] -> Inventory
[dump] -> Containing 1 items
[dump] -> Items :
[dump] -> Item Imprint
[dump] -> Short name : Sandy Seabed Chart
[dump] -> Unique name : 
[dump] -> Type : Metadata/Items/Deepwater/ChartSandy
[dump] -> Category : 71
[dump] -> Map Tier : 0
[dump] -> Item Level : 83
[dump] -> Required Level : 0
[dump] -> Local Armor : 0
[dump] -> Computed Armor : 0.000000
[dump] -> Local Evasion : 0
[dump] -> Computed Evasion : 0.000000
[dump] -> Local Energy Shield : 0
[dump] -> Computed Energy Shield : 0.000000
[dump] -> Computed Spell Damage : 0.000000
[dump] -> Computed Fire Spell Damage : 0.000000
[dump] -> Computed Cold Spell Damage : 0.000000
[dump] -> Computed Lightning Spell Damage : 0.000000
[dump] -> Rarity : 0
[dump] -> Quality : 0
[dump] -> Stack : 1
[dump] -> Sockets : 
[dump] -> Max linked sockets : 0

[dump] -> Item identified
[dump] -> MODS
[dump] -> Explicit mod count: 0
[dump] -> Mod index : 22910, Value : 1
[dump] -> 
Elemental Resistance Score : 0
[dump] -> DPS : 0.000000
[dump] -> Physical DPS : 0.000000
[dump] -> Elemental DPS : 0.000000
[dump] -> 
